// Jest Snapshot v1, https://goo.gl/fbAQLP

exports[`<App /> renders the widget 1`] = `
<div>
  Loading...
</div>
`;
